    (APIServer pid=605457) INFO 04-03 15:54:00 [launcher.py:38] Available routes are:
(APIServer pid=605457) INFO 04-03 15:54:00 [launcher.py:46] Route: /openapi.json, Methods: GET, HEAD
(APIServer pid=605457) INFO 04-03 15:54:00 [launcher.py:46] Route: /docs, Methods: GET, HEAD
(APIServer pid=605457) INFO 04-03 15:54:00 [launcher.py:46] Route: /docs/oauth2-redirect, Methods: GET, HEAD
(APIServer pid=605457) INFO 04-03 15:54:00 [launcher.py:46] Route: /redoc, Methods: GET, HEAD
(APIServer pid=605457) INFO 04-03 15:54:00 [launcher.py:46] Route: /scale_elastic_ep, Methods: POST
(APIServer pid=605457) INFO 04-03 15:54:00 [launcher.py:46] Route: /is_scaling_elastic_ep, Methods: POST
(APIServer pid=605457) INFO 04-03 15:54:00 [launcher.py:46] Route: /tokenize, Methods: POST
(APIServer pid=605457) INFO 04-03 15:54:00 [launcher.py:46] Route: /detokenize, Methods: POST
(APIServer pid=605457) INFO 04-03 15:54:00 [launcher.py:46] Route: /inference/v1/generate, Methods: POST
(APIServer pid=605457) INFO 04-03 15:54:00 [launcher.py:46] Route: /pause, Methods: POST
(APIServer pid=605457) INFO 04-03 15:54:00 [launcher.py:46] Route: /resume, Methods: POST
(APIServer pid=605457) INFO 04-03 15:54:00 [launcher.py:46] Route: /is_paused, Methods: GET
(APIServer pid=605457) INFO 04-03 15:54:00 [launcher.py:46] Route: /metrics, Methods: GET
(APIServer pid=605457) INFO 04-03 15:54:00 [launcher.py:46] Route: /health, Methods: GET
(APIServer pid=605457) INFO 04-03 15:54:00 [launcher.py:46] Route: /load, Methods: GET
(APIServer pid=605457) INFO 04-03 15:54:00 [launcher.py:46] Route: /v1/models, Methods: GET
(APIServer pid=605457) INFO 04-03 15:54:00 [launcher.py:46] Route: /version, Methods: GET
(APIServer pid=605457) INFO 04-03 15:54:00 [launcher.py:46] Route: /v1/responses, Methods: POST
(APIServer pid=605457) INFO 04-03 15:54:00 [launcher.py:46] Route: /v1/responses/{response_id}, Methods: GET
(APIServer pid=605457) INFO 04-03 15:54:00 [launcher.py:46] Route: /v1/responses/{response_id}/cancel, Methods: POST
(APIServer pid=605457) INFO 04-03 15:54:00 [launcher.py:46] Route: /v1/messages, Methods: POST
(APIServer pid=605457) INFO 04-03 15:54:00 [launcher.py:46] Route: /v1/chat/completions, Methods: POST
(APIServer pid=605457) INFO 04-03 15:54:00 [launcher.py:46] Route: /v1/completions, Methods: POST
(APIServer pid=605457) INFO 04-03 15:54:00 [launcher.py:46] Route: /v1/audio/transcriptions, Methods: POST
(APIServer pid=605457) INFO 04-03 15:54:00 [launcher.py:46] Route: /v1/audio/translations, Methods: POST
(APIServer pid=605457) INFO 04-03 15:54:00 [launcher.py:46] Route: /ping, Methods: GET
(APIServer pid=605457) INFO 04-03 15:54:00 [launcher.py:46] Route: /ping, Methods: POST
(APIServer pid=605457) INFO 04-03 15:54:00 [launcher.py:46] Route: /invocations, Methods: POST
(APIServer pid=605457) INFO 04-03 15:54:00 [launcher.py:46] Route: /classify, Methods: POST
(APIServer pid=605457) INFO 04-03 15:54:00 [launcher.py:46] Route: /v1/embeddings, Methods: POST
(APIServer pid=605457) INFO 04-03 15:54:00 [launcher.py:46] Route: /score, Methods: POST
(APIServer pid=605457) INFO 04-03 15:54:00 [launcher.py:46] Route: /v1/score, Methods: POST
(APIServer pid=605457) INFO 04-03 15:54:00 [launcher.py:46] Route: /rerank, Methods: POST
(APIServer pid=605457) INFO 04-03 15:54:00 [launcher.py:46] Route: /v1/rerank, Methods: POST
(APIServer pid=605457) INFO 04-03 15:54:00 [launcher.py:46] Route: /v2/rerank, Methods: POST
(APIServer pid=605457) INFO 04-03 15:54:00 [launcher.py:46] Route: /pooling, Methods: POST
(APIServer pid=605457) INFO:     Started server process [605457]
(APIServer pid=605457) INFO:     Waiting for application startup.
(APIServer pid=605457) INFO:     Application startup complete.
(APIServer pid=605457) INFO:     127.0.0.1:59572 - "GET / HTTP/1.1" 404 Not Found
(APIServer pid=605457) INFO:     127.0.0.1:52016 - "POST /embeddings HTTP/1.1" 404 Not Found
(APIServer pid=605457) INFO:     127.0.0.1:38194 - "POST /embeddings HTTP/1.1" 404 Not Found